== caller identity (the credentials the coding agent deploys with)
{
    "UserId": "AIDA****************",
    "Account": "2481****5724",
    "Arn": "arn:aws:iam::2481****5724:user/aksilhoutte"
}
== lambda package
_pydantic_core.cpython-313-aarch64-linux-gnu.so: ELF 64-bit LSB shared object, ARM aarch64, version 1 (SYSV), dynamically linked, BuildID[sha1]=2c8edb78c49087d21d9162ed83f3d9177f673680, stripped
== validate
/mnt/h/Antigravity/remedy-ai/template.yaml is a valid SAM Template
== deploy stack remedy-ai

	Managed S3 bucket: aws-sam-cli-managed-default-samclisourcebucket-ruo8zrzfsc8g
	Auto resolution of buckets can be turned off by setting resolve_s3=False
	To use a specific S3 bucket, set --s3-bucket=<bucket_name>
	Above settings can be stored in samconfig.toml

	Uploading to 3e03f2c2cf18632a093daf802568c0e7  1048576 / 11475007  (9.14%)
	Uploading to 3e03f2c2cf18632a093daf802568c0e7  2097152 / 11475007  (18.28%)
	Uploading to 3e03f2c2cf18632a093daf802568c0e7  3145728 / 11475007  (27.41%)
	Uploading to 3e03f2c2cf18632a093daf802568c0e7  4194304 / 11475007  (36.55%)
	Uploading to 3e03f2c2cf18632a093daf802568c0e7  5242880 / 11475007  (45.69%)
	Uploading to 3e03f2c2cf18632a093daf802568c0e7  6291456 / 11475007  (54.83%)
	Uploading to 3e03f2c2cf18632a093daf802568c0e7  7280703 / 11475007  (63.45%)
	Uploading to 3e03f2c2cf18632a093daf802568c0e7  8329279 / 11475007  (72.59%)
	Uploading to 3e03f2c2cf18632a093daf802568c0e7  9377855 / 11475007  (81.72%)
	Uploading to 3e03f2c2cf18632a093daf802568c0e7  10426431 / 11475007  (90.86%)
	Uploading to 3e03f2c2cf18632a093daf802568c0e7  11475007 / 11475007  (100.00%)

	File with same data already exists at 3e03f2c2cf18632a093daf802568c0e7, skipping upload

	Deploying with following values
	===============================
	Stack name                   : remedy-ai
	Region                       : us-east-1
	Confirm changeset            : False
	Disable rollback             : False
	Deployment s3 bucket         : aws-sam-cli-managed-default-samclisourcebucket-ruo8zrzfsc8g
	Capabilities                 : ["CAPABILITY_IAM"]
	Parameter overrides          : {"AlertEmail": "*****", "OriginVerifySecret": "*****"}
	Signing Profiles             : {}

Initiating deployment
=====================


	Uploading to 066c828f1b770a3cb8e8e254a7c4ede1.template  15963 / 15963  (100.00%)


Waiting for changeset to be created..

CloudFormation stack changeset
-------------------------------------------------------------------------------------------------
Operation                LogicalResourceId        ResourceType             Replacement            
-------------------------------------------------------------------------------------------------
* Modify                 ApiFunction              AWS::Lambda::Function    False                  
* Modify                 HttpApi                  AWS::ApiGatewayV2::Api   False                  
* Modify                 SourceWatchFunctionDai   AWS::IAM::Role           False                  
                         lyRole                                                                   
* Modify                 SourceWatchFunctionDai   AWS::Scheduler::Schedu   False                  
                         ly                       le                                              
* Modify                 SourceWatchFunction      AWS::Lambda::Function    False                  
-------------------------------------------------------------------------------------------------


Changeset created successfully. arn:aws:cloudformation:us-east-1:2481****5724:changeSet/samcli-deploy1790961293/d50b71aa-88cc-4374-acc6-bd1450217341


2026-10-02 22:45:14 - Waiting for stack create/update to complete

CloudFormation events from stack operations (refresh every 5.0 seconds)
-------------------------------------------------------------------------------------------------
ResourceStatus           ResourceType             LogicalResourceId        ResourceStatusReason   
-------------------------------------------------------------------------------------------------
UPDATE_IN_PROGRESS       AWS::CloudFormation::S   remedy-ai                User Initiated         
                         tack                                                                     
UPDATE_IN_PROGRESS       AWS::Lambda::Function    SourceWatchFunction      -                      
UPDATE_IN_PROGRESS       AWS::Lambda::Function    ApiFunction              -                      
UPDATE_IN_PROGRESS -     AWS::Lambda::Function    ApiFunction              Eventual consistency   
CONFIGURATION_COMPLETE                                                     check initiated        
UPDATE_IN_PROGRESS -     AWS::Lambda::Function    SourceWatchFunction      Eventual consistency   
CONFIGURATION_COMPLETE                                                     check initiated        
UPDATE_COMPLETE          AWS::Lambda::Function    ApiFunction              -                      
UPDATE_COMPLETE          AWS::Lambda::Function    SourceWatchFunction      -                      
UPDATE_COMPLETE_CLEANU   AWS::CloudFormation::S   remedy-ai                -                      
P_IN_PROGRESS            tack                                                                     
UPDATE_COMPLETE          AWS::CloudFormation::S   remedy-ai                -                      
                         tack                                                                     
-------------------------------------------------------------------------------------------------

CloudFormation outputs from deployed stack
-------------------------------------------------------------------------------------------------
Outputs                                                                                         
-------------------------------------------------------------------------------------------------
Key                 ApiUrl                                                                      
Description         -                                                                           
Value               https://1b8faqxx82.execute-api.us-east-1.amazonaws.com                      

Key                 SiteBucketName                                                              
Description         -                                                                           
Value               remedy-ai-sitebucket-fd3mw8e3lrts                                           

Key                 DistributionId                                                              
Description         -                                                                           
Value               E1T89KVW5A90CD                                                              

Key                 SiteUrl                                                                     
Description         Public URL (site and API on one origin)                                     
Value               https://d1fnfajqesgvsl.cloudfront.net                                       

Key                 SnapshotBucketName                                                          
Description         -                                                                           
Value               remedy-ai-snapshotbucket-sfjbb3pyjv17                                       

Key                 SourceWatchFunctionName                                                     
Description         -                                                                           
Value               remedy-ai-SourceWatchFunction-X5h8YoYfHd6H                                  
-------------------------------------------------------------------------------------------------


Successfully created/updated stack - remedy-ai in us-east-1

== frontend -> s3://remedy-ai-sitebucket-fd3mw8e3lrts
Completed 335.2 KiB/~369.8 KiB (18.0 MiB/s) with ~2 file(s) remaining (calculating...)
delete: s3://remedy-ai-sitebucket-fd3mw8e3lrts/assets/index-jgKgG8uX.css              
Completed 335.2 KiB/940.8 KiB (18.0 MiB/s) with 10 file(s) remaining
delete: s3://remedy-ai-sitebucket-fd3mw8e3lrts/assets/index-DwltJH0t.js
Completed 335.2 KiB/940.8 KiB (18.0 MiB/s) with 9 file(s) remaining
Completed 353.7 KiB/940.8 KiB (281.1 KiB/s) with 9 file(s) remaining
upload: frontend/dist/assets/inter-greek-wght-normal-CkhJZR-_.woff2 to s3://remedy-ai-sitebucket-fd3mw8e3lrts/assets/inter-greek-wght-normal-CkhJZR-_.woff2
Completed 353.7 KiB/940.8 KiB (281.1 KiB/s) with 8 file(s) remaining
Completed 364.7 KiB/940.8 KiB (288.7 KiB/s) with 8 file(s) remaining
Completed 383.0 KiB/940.8 KiB (302.7 KiB/s) with 8 file(s) remaining
Completed 393.0 KiB/940.8 KiB (309.7 KiB/s) with 8 file(s) remaining
upload: frontend/dist/assets/inter-cyrillic-wght-normal-DqGufNeO.woff2 to s3://remedy-ai-sitebucket-fd3mw8e3lrts/assets/inter-cyrillic-wght-normal-DqGufNeO.woff2
Completed 393.0 KiB/940.8 KiB (309.7 KiB/s) with 7 file(s) remaining
upload: frontend/dist/assets/inter-greek-ext-wght-normal-DlzME5K_.woff2 to s3://remedy-ai-sitebucket-fd3mw8e3lrts/assets/inter-greek-ext-wght-normal-DlzME5K_.woff2
Completed 393.0 KiB/940.8 KiB (309.7 KiB/s) with 6 file(s) remaining
upload: frontend/dist/assets/inter-vietnamese-wght-normal-CBcvBZtf.woff2 to s3://remedy-ai-sitebucket-fd3mw8e3lrts/assets/inter-vietnamese-wght-normal-CBcvBZtf.woff2
Completed 393.0 KiB/940.8 KiB (309.7 KiB/s) with 5 file(s) remaining
Completed 418.4 KiB/940.8 KiB (326.0 KiB/s) with 5 file(s) remaining
upload: frontend/dist/assets/inter-cyrillic-ext-wght-normal-BOeWTOD4.woff2 to s3://remedy-ai-sitebucket-fd3mw8e3lrts/assets/inter-cyrillic-ext-wght-normal-BOeWTOD4.woff2
Completed 418.4 KiB/940.8 KiB (326.0 KiB/s) with 4 file(s) remaining
upload: frontend/dist/assets/index-CXV856hu.js to s3://remedy-ai-sitebucket-fd3mw8e3lrts/assets/index-CXV856hu.js
Completed 418.4 KiB/940.8 KiB (326.0 KiB/s) with 3 file(s) remaining
Completed 453.0 KiB/940.8 KiB (301.1 KiB/s) with 3 file(s) remaining
upload: frontend/dist/assets/index-D9Fa2TV9.css to s3://remedy-ai-sitebucket-fd3mw8e3lrts/assets/index-D9Fa2TV9.css
Completed 453.0 KiB/940.8 KiB (301.1 KiB/s) with 2 file(s) remaining
Completed 500.1 KiB/940.8 KiB (321.4 KiB/s) with 2 file(s) remaining
upload: frontend/dist/assets/inter-latin-wght-normal-Dx4kXJAl.woff2 to s3://remedy-ai-sitebucket-fd3mw8e3lrts/assets/inter-latin-wght-normal-Dx4kXJAl.woff2
Completed 500.1 KiB/940.8 KiB (321.4 KiB/s) with 1 file(s) remaining
Completed 583.2 KiB/940.8 KiB (316.1 KiB/s) with 1 file(s) remaining
upload: frontend/dist/assets/inter-latin-ext-wght-normal-DO1Apj_S.woff2 to s3://remedy-ai-sitebucket-fd3mw8e3lrts/assets/inter-latin-ext-wght-normal-DO1Apj_S.woff2
Completed 4.2 KiB/4.2 KiB (4.3 KiB/s) with 1 file(s) remaining
upload: frontend/dist/index.html to s3://remedy-ai-sitebucket-fd3mw8e3lrts/index.html
Completed 539 Bytes/539 Bytes (557 Bytes/s) with 1 file(s) remaining
upload: frontend/dist/theme-init.js to s3://remedy-ai-sitebucket-fd3mw8e3lrts/theme-init.js
ID4J6H44LF0P9YW9PUWOOR4Y8Y
== first Source Watch run
200
{"apple_index": {"http_status": 200}, "visa_infinite_extended_warranty_us": {"http_status": 200, "changed_this_run": false}, "uk_cra_2015_goods": {"http_status": 200, "changed_this_run": false}, "apple_one_year_limited_warranty_accessories_us": {"http_status": 200, "changed_this_run": false}, "apple_one_year_limited_warranty_ios_us": {"http_status": 200, "changed_this_run": false}, "apple_one_year_limited_warranty_mac_us": {"http_status": 200, "changed_this_run": false}, "apple_one_year_limited_warranty_watch_us": {"http_status": 200, "changed_this_run": false}, "apple_iphone12_no_sound_2021": {"http_status": 200, "changed_this_run": false, "listed_on_apple_index": false}, "apple_iphone14plus_rear_camera_2024": {"http_status": 200, "changed_this_run": false, "listed_on_apple_index": true}, "apple_mac_mini_2023_no_power_2025": {"http_status": 200, "changed_this_run": false, "listed_on_apple_index": true}, "google_consumer_hardware_warranty_us_ca": {"http_status": 200, "changed_this_run": false}, "google_pixel9pro_display_2025": {"http_status": 200, "changed_this_run": false}, "samsung_galaxy_limited_warranty_us": {"http_status": 200, "changed_this_run": false}}
== AI services opt-out (effective policy for this account)
{"services":{"default":{"opt_out_policy":"optOut"}}}
== smoke test https://d1fnfajqesgvsl.cloudfront.net
{"status":"healthy","service":"RemedyAI","version":"1.2.0","policy":"Closed-World Evidence Policy","knowledge_records":["apple_iphone12_no_sound_2021","apple_iphone14plus_rear_camera_2024","apple_mac_mini_2023_no_power_2025","apple_one_year_limited_warranty_accessories_us","apple_one_year_limited_warranty_ios_us","apple_one_year_limited_warranty_mac_us","apple_one_year_limited_warranty_watch_us","google_consumer_hardware_warranty_us_ca","google_pixel9pro_display_2025","samsung_galaxy_limited_warranty_us","uk_cra_2015_goods","visa_infinite_extended_warranty_us"]}
smoke test passed
DEPLOYED https://d1fnfajqesgvsl.cloudfront.net
