== caller identity (the credentials the coding agent deploys with)
{
    "UserId": "AIDATTSKF4BWMSUYKT4XA",
    "Account": "2481****5724",
    "Arn": "arn:aws:iam::2481****5724:user/aksilhoutte"
}
== lambda package
_pydantic_core.cpython-313-aarch64-linux-gnu.so: ELF 64-bit LSB shared object, ARM aarch64, version 1 (SYSV), dynamically linked, BuildID[sha1]=2c8edb78c49087d21d9162ed83f3d9177f673680, stripped
== validate
/mnt/h/Antigravity/remedy-ai/template.yaml is a valid SAM Template
== deploy stack remedy-ai

	Managed S3 bucket: aws-sam-cli-managed-default-samclisourcebucket-ruo8zrzfsc8g
	Auto resolution of buckets can be turned off by setting resolve_s3=False
	To use a specific S3 bucket, set --s3-bucket=<bucket_name>
	Above settings can be stored in samconfig.toml

	Uploading to 31acce0798cf4c05d8a2c21ad507037a  1048576 / 11434344  (9.17%)
	Uploading to 31acce0798cf4c05d8a2c21ad507037a  2097152 / 11434344  (18.34%)
	Uploading to 31acce0798cf4c05d8a2c21ad507037a  3145728 / 11434344  (27.51%)
	Uploading to 31acce0798cf4c05d8a2c21ad507037a  4194304 / 11434344  (36.68%)
	Uploading to 31acce0798cf4c05d8a2c21ad507037a  5242880 / 11434344  (45.85%)
	Uploading to 31acce0798cf4c05d8a2c21ad507037a  6291456 / 11434344  (55.02%)
	Uploading to 31acce0798cf4c05d8a2c21ad507037a  7340032 / 11434344  (64.19%)
	Uploading to 31acce0798cf4c05d8a2c21ad507037a  8288616 / 11434344  (72.49%)
	Uploading to 31acce0798cf4c05d8a2c21ad507037a  9337192 / 11434344  (81.66%)
	Uploading to 31acce0798cf4c05d8a2c21ad507037a  10385768 / 11434344  (90.83%)
	Uploading to 31acce0798cf4c05d8a2c21ad507037a  11434344 / 11434344  (100.00%)

	File with same data already exists at 31acce0798cf4c05d8a2c21ad507037a, skipping upload

	Deploying with following values
	===============================
	Stack name                   : remedy-ai
	Region                       : us-east-1
	Confirm changeset            : False
	Disable rollback             : False
	Deployment s3 bucket         : aws-sam-cli-managed-default-samclisourcebucket-ruo8zrzfsc8g
	Capabilities                 : ["CAPABILITY_IAM"]
	Parameter overrides          : {"AlertEmail": "<redacted-email>"}
	Signing Profiles             : {}

Initiating deployment
=====================


	Uploading to 7d4f8430f090ab999192d9df53f7b119.template  10555 / 10555  (100.00%)


Waiting for changeset to be created..

CloudFormation stack changeset
-------------------------------------------------------------------------------------------------
Operation                LogicalResourceId        ResourceType             Replacement            
-------------------------------------------------------------------------------------------------
* Modify                 ApiFunction              AWS::Lambda::Function    False                  
* Modify                 HttpApi                  AWS::ApiGatewayV2::Api   False                  
* Modify                 SourceWatchFunctionDai   AWS::IAM::Role           False                  
                         lyRole                                                                   
* Modify                 SourceWatchFunctionDai   AWS::Scheduler::Schedu   False                  
                         ly                       le                                              
* Modify                 SourceWatchFunction      AWS::Lambda::Function    False                  
-------------------------------------------------------------------------------------------------


Changeset created successfully. arn:aws:cloudformation:us-east-1:2481****5724:changeSet/samcli-deploy1790707714/3b6b3c4c-e5bc-43d3-a17a-aaae08c315dc


2026-09-30 00:18:49 - Waiting for stack create/update to complete

CloudFormation events from stack operations (refresh every 5.0 seconds)
-------------------------------------------------------------------------------------------------
ResourceStatus           ResourceType             LogicalResourceId        ResourceStatusReason   
-------------------------------------------------------------------------------------------------
UPDATE_IN_PROGRESS       AWS::CloudFormation::S   remedy-ai                User Initiated         
                         tack                                                                     
UPDATE_IN_PROGRESS       AWS::Lambda::Function    SourceWatchFunction      -                      
UPDATE_IN_PROGRESS       AWS::Lambda::Function    ApiFunction              -                      
UPDATE_COMPLETE          AWS::Lambda::Function    SourceWatchFunction      -                      
UPDATE_COMPLETE          AWS::Lambda::Function    ApiFunction              -                      
UPDATE_COMPLETE_CLEANU   AWS::CloudFormation::S   remedy-ai                -                      
P_IN_PROGRESS            tack                                                                     
UPDATE_COMPLETE          AWS::CloudFormation::S   remedy-ai                -                      
                         tack                                                                     
-------------------------------------------------------------------------------------------------

CloudFormation outputs from deployed stack
-------------------------------------------------------------------------------------------------
Outputs                                                                                         
-------------------------------------------------------------------------------------------------
Key                 ApiUrl                                                                      
Description         -                                                                           
Value               https://1b8faqxx82.execute-api.us-east-1.amazonaws.com                      

Key                 SiteBucketName                                                              
Description         -                                                                           
Value               remedy-ai-sitebucket-fd3mw8e3lrts                                           

Key                 DistributionId                                                              
Description         -                                                                           
Value               E1T89KVW5A90CD                                                              

Key                 SiteUrl                                                                     
Description         Public URL (site and API on one origin)                                     
Value               https://d1fnfajqesgvsl.cloudfront.net                                       

Key                 SnapshotBucketName                                                          
Description         -                                                                           
Value               remedy-ai-snapshotbucket-sfjbb3pyjv17                                       

Key                 SourceWatchFunctionName                                                     
Description         -                                                                           
Value               remedy-ai-SourceWatchFunction-X5h8YoYfHd6H                                  
-------------------------------------------------------------------------------------------------


Successfully created/updated stack - remedy-ai in us-east-1

== frontend -> s3://remedy-ai-sitebucket-fd3mw8e3lrts
delete: s3://remedy-ai-sitebucket-fd3mw8e3lrts/assets/index-BuPIKE75.css
Completed 0 Bytes/557.6 KiB (0 Bytes/s) with 3 file(s) remaining
delete: s3://remedy-ai-sitebucket-fd3mw8e3lrts/assets/index-DT7aIiw6.js
Completed 0 Bytes/557.6 KiB (0 Bytes/s) with 2 file(s) remaining
Completed 27.7 KiB/557.6 KiB (19.0 KiB/s) with 2 file(s) remaining
upload: frontend/dist/assets/index-Dcq5O6bK.css to s3://remedy-ai-sitebucket-fd3mw8e3lrts/assets/index-Dcq5O6bK.css
Completed 27.7 KiB/557.6 KiB (19.0 KiB/s) with 1 file(s) remaining
Completed 278.8 KiB/557.6 KiB (105.8 KiB/s) with 1 file(s) remaining
upload: frontend/dist/assets/index-COuCXaNx.js to s3://remedy-ai-sitebucket-fd3mw8e3lrts/assets/index-COuCXaNx.js
Completed 966 Bytes/966 Bytes (1017 Bytes/s) with 1 file(s) remaining
upload: frontend/dist/index.html to s3://remedy-ai-sitebucket-fd3mw8e3lrts/index.html
I3N2EF6Y6ZE45TIYZMJFDX9TTZ
== first Source Watch run
200
{"apple_index": {"http_status": 200}, "visa_infinite_extended_warranty_us": {"http_status": 200, "changed_this_run": false}, "uk_cra_2015_goods": {"http_status": 200, "changed_this_run": false}, "apple_iphone12_no_sound_2021": {"http_status": 200, "changed_this_run": false, "listed_on_apple_index": false}, "apple_iphone14plus_rear_camera_2024": {"http_status": 200, "changed_this_run": false, "listed_on_apple_index": true}}
== smoke test https://d1fnfajqesgvsl.cloudfront.net
site 200
{"status":"healthy","service":"RemedyAI","version":"1.1.0","policy":"Closed-World Evidence Policy","knowledge_records":["apple_iphone12_no_sound_2021","apple_iphone14plus_rear_camera_2024","uk_cra_2015_goods","visa_infinite_extended_warranty_us"]}
sources 200
DEPLOYED https://d1fnfajqesgvsl.cloudfront.net
