== caller identity (the credentials the coding agent deploys with)
{
    "UserId": "AIDATTSKF4BWMSUYKT4XA",
    "Account": "2481****5724",
    "Arn": "arn:aws:iam::2481****5724:user/aksilhoutte"
}
== lambda package
_pydantic_core.cpython-313-aarch64-linux-gnu.so: ELF 64-bit LSB shared object, ARM aarch64, version 1 (SYSV), dynamically linked, BuildID[sha1]=2c8edb78c49087d21d9162ed83f3d9177f673680, stripped
== validate
/mnt/h/Antigravity/remedy-ai/template.yaml is a valid SAM Template
== deploy stack remedy-ai

	Managed S3 bucket: aws-sam-cli-managed-default-samclisourcebucket-ruo8zrzfsc8g
	Auto resolution of buckets can be turned off by setting resolve_s3=False
	To use a specific S3 bucket, set --s3-bucket=<bucket_name>
	Above settings can be stored in samconfig.toml

	Uploading to 2cf725fa0135d06e057b189080095e13  1048576 / 11453443  (9.16%)
	Uploading to 2cf725fa0135d06e057b189080095e13  2097152 / 11453443  (18.31%)
	Uploading to 2cf725fa0135d06e057b189080095e13  3145728 / 11453443  (27.47%)
	Uploading to 2cf725fa0135d06e057b189080095e13  4194304 / 11453443  (36.62%)
	Uploading to 2cf725fa0135d06e057b189080095e13  5242880 / 11453443  (45.78%)
	Uploading to 2cf725fa0135d06e057b189080095e13  6291456 / 11453443  (54.93%)
	Uploading to 2cf725fa0135d06e057b189080095e13  7340032 / 11453443  (64.09%)
	Uploading to 2cf725fa0135d06e057b189080095e13  8388608 / 11453443  (73.24%)
	Uploading to 2cf725fa0135d06e057b189080095e13  9437184 / 11453443  (82.40%)
	Uploading to 2cf725fa0135d06e057b189080095e13  10485760 / 11453443  (91.55%)
	Uploading to 2cf725fa0135d06e057b189080095e13  11453443 / 11453443  (100.00%)

	File with same data already exists at 2cf725fa0135d06e057b189080095e13, skipping upload

	Deploying with following values
	===============================
	Stack name                   : remedy-ai
	Region                       : us-east-1
	Confirm changeset            : False
	Disable rollback             : False
	Deployment s3 bucket         : aws-sam-cli-managed-default-samclisourcebucket-ruo8zrzfsc8g
	Capabilities                 : ["CAPABILITY_IAM"]
	Parameter overrides          : {"AlertEmail": "*****", "OriginVerifySecret": "*****"}
	Signing Profiles             : {}

Initiating deployment
=====================


	Uploading to 13bd26feff059e19c6488dd0f5b065e3.template  15184 / 15184  (100.00%)


Waiting for changeset to be created..

CloudFormation stack changeset
-------------------------------------------------------------------------------------------------
Operation                LogicalResourceId        ResourceType             Replacement            
-------------------------------------------------------------------------------------------------
+ Add                    OpsAlertTopicPolicy      AWS::SNS::TopicPolicy    N/A                    
+ Add                    OpsAlertTopic            AWS::SNS::Topic          N/A                    
+ Add                    SourceWatchErrorAlarm    AWS::CloudWatch::Alarm   N/A                    
+ Add                    SourceWatchMissedRunAl   AWS::CloudWatch::Alarm   N/A                    
                         arm                                                                      
* Modify                 ApiFunction              AWS::Lambda::Function    False                  
* Modify                 HttpApi                  AWS::ApiGatewayV2::Api   False                  
* Modify                 SourceWatchFunctionDai   AWS::IAM::Role           False                  
                         lyRole                                                                   
* Modify                 SourceWatchFunctionDai   AWS::Scheduler::Schedu   False                  
                         ly                       le                                              
* Modify                 SourceWatchFunction      AWS::Lambda::Function    False                  
-------------------------------------------------------------------------------------------------


Changeset created successfully. arn:aws:cloudformation:us-east-1:2481****5724:changeSet/samcli-deploy1790863234/c50339bc-e671-4e87-bfd4-3da2fb0d989c


2026-10-01 19:30:50 - Waiting for stack create/update to complete

CloudFormation events from stack operations (refresh every 5.0 seconds)
-------------------------------------------------------------------------------------------------
ResourceStatus           ResourceType             LogicalResourceId        ResourceStatusReason   
-------------------------------------------------------------------------------------------------
UPDATE_IN_PROGRESS       AWS::CloudFormation::S   remedy-ai                User Initiated         
                         tack                                                                     
CREATE_IN_PROGRESS       AWS::SNS::Topic          OpsAlertTopic            -                      
UPDATE_IN_PROGRESS       AWS::Lambda::Function    ApiFunction              -                      
UPDATE_IN_PROGRESS       AWS::Lambda::Function    SourceWatchFunction      -                      
CREATE_IN_PROGRESS       AWS::SNS::Topic          OpsAlertTopic            Resource creation      
                                                                           Initiated              
CREATE_IN_PROGRESS -     AWS::SNS::Topic          OpsAlertTopic            Eventual consistency   
CONFIGURATION_COMPLETE                                                     check initiated        
UPDATE_IN_PROGRESS -     AWS::Lambda::Function    SourceWatchFunction      Eventual consistency   
CONFIGURATION_COMPLETE                                                     check initiated        
UPDATE_IN_PROGRESS -     AWS::Lambda::Function    ApiFunction              Eventual consistency   
CONFIGURATION_COMPLETE                                                     check initiated        
CREATE_IN_PROGRESS       AWS::CloudWatch::Alarm   SourceWatchMissedRunAl   -                      
                                                  arm                                             
CREATE_IN_PROGRESS       AWS::SNS::TopicPolicy    OpsAlertTopicPolicy      -                      
CREATE_IN_PROGRESS       AWS::CloudWatch::Alarm   SourceWatchErrorAlarm    -                      
UPDATE_COMPLETE          AWS::Lambda::Function    SourceWatchFunction      -                      
CREATE_IN_PROGRESS       AWS::CloudWatch::Alarm   SourceWatchMissedRunAl   Resource creation      
                                                  arm                      Initiated              
CREATE_IN_PROGRESS       AWS::SNS::TopicPolicy    OpsAlertTopicPolicy      Resource creation      
                                                                           Initiated              
CREATE_IN_PROGRESS       AWS::CloudWatch::Alarm   SourceWatchErrorAlarm    Resource creation      
                                                                           Initiated              
UPDATE_COMPLETE          AWS::Lambda::Function    ApiFunction              -                      
CREATE_IN_PROGRESS -     AWS::SNS::TopicPolicy    OpsAlertTopicPolicy      Eventual consistency   
CONFIGURATION_COMPLETE                                                     check initiated        
CREATE_COMPLETE          AWS::SNS::TopicPolicy    OpsAlertTopicPolicy      -                      
CREATE_IN_PROGRESS -     AWS::CloudWatch::Alarm   SourceWatchMissedRunAl   Eventual consistency   
CONFIGURATION_COMPLETE                            arm                      check initiated        
CREATE_IN_PROGRESS -     AWS::CloudWatch::Alarm   SourceWatchErrorAlarm    Eventual consistency   
CONFIGURATION_COMPLETE                                                     check initiated        
CREATE_COMPLETE          AWS::CloudWatch::Alarm   SourceWatchMissedRunAl   -                      
                                                  arm                                             
CREATE_COMPLETE          AWS::CloudWatch::Alarm   SourceWatchErrorAlarm    -                      
CREATE_COMPLETE          AWS::SNS::Topic          OpsAlertTopic            -                      
UPDATE_COMPLETE_CLEANU   AWS::CloudFormation::S   remedy-ai                -                      
P_IN_PROGRESS            tack                                                                     
UPDATE_COMPLETE          AWS::CloudFormation::S   remedy-ai                -                      
                         tack                                                                     
-------------------------------------------------------------------------------------------------

CloudFormation outputs from deployed stack
-------------------------------------------------------------------------------------------------
Outputs                                                                                         
-------------------------------------------------------------------------------------------------
Key                 ApiUrl                                                                      
Description         -                                                                           
Value               https://1b8faqxx82.execute-api.us-east-1.amazonaws.com                      

Key                 SiteBucketName                                                              
Description         -                                                                           
Value               remedy-ai-sitebucket-fd3mw8e3lrts                                           

Key                 DistributionId                                                              
Description         -                                                                           
Value               E1T89KVW5A90CD                                                              

Key                 SiteUrl                                                                     
Description         Public URL (site and API on one origin)                                     
Value               https://d1fnfajqesgvsl.cloudfront.net                                       

Key                 SnapshotBucketName                                                          
Description         -                                                                           
Value               remedy-ai-snapshotbucket-sfjbb3pyjv17                                       

Key                 SourceWatchFunctionName                                                     
Description         -                                                                           
Value               remedy-ai-SourceWatchFunction-X5h8YoYfHd6H                                  
-------------------------------------------------------------------------------------------------


Successfully created/updated stack - remedy-ai in us-east-1

== frontend -> s3://remedy-ai-sitebucket-fd3mw8e3lrts
Completed 3.1 KiB/3.1 KiB (3.2 KiB/s) with 1 file(s) remaining
upload: frontend/dist/index.html to s3://remedy-ai-sitebucket-fd3mw8e3lrts/index.html
Completed 539 Bytes/539 Bytes (575 Bytes/s) with 1 file(s) remaining
upload: frontend/dist/theme-init.js to s3://remedy-ai-sitebucket-fd3mw8e3lrts/theme-init.js
IDB4PCCWTGNR2K8YMFPA3B2MRO
== first Source Watch run
200
{"apple_index": {"http_status": 200}, "visa_infinite_extended_warranty_us": {"http_status": 200, "changed_this_run": false}, "uk_cra_2015_goods": {"http_status": 200, "changed_this_run": false}, "apple_one_year_limited_warranty_ios_us": {"http_status": 200, "changed_this_run": false}, "apple_iphone12_no_sound_2021": {"http_status": 200, "changed_this_run": false, "listed_on_apple_index": false}, "apple_iphone14plus_rear_camera_2024": {"http_status": 200, "changed_this_run": false, "listed_on_apple_index": true}, "apple_mac_mini_2023_no_power_2025": {"http_status": 200, "changed_this_run": false, "listed_on_apple_index": true}}
== AI services opt-out (effective policy for this account)
{"services":{"default":{"opt_out_policy":"optOut"}}}
== smoke test https://d1fnfajqesgvsl.cloudfront.net
{"status":"healthy","service":"RemedyAI","version":"1.2.0","policy":"Closed-World Evidence Policy","knowledge_records":["apple_iphone12_no_sound_2021","apple_iphone14plus_rear_camera_2024","apple_mac_mini_2023_no_power_2025","apple_one_year_limited_warranty_ios_us","uk_cra_2015_goods","visa_infinite_extended_warranty_us"]}
smoke test passed
DEPLOYED https://d1fnfajqesgvsl.cloudfront.net
