== caller identity (the credentials the coding agent deploys with)
{
    "UserId": "AIDA****************",
    "Account": "2481****5724",
    "Arn": "arn:aws:iam::2481****5724:user/aksilhoutte"
}
== lambda package
_pydantic_core.cpython-313-aarch64-linux-gnu.so: ELF 64-bit LSB shared object, ARM aarch64, version 1 (SYSV), dynamically linked, BuildID[sha1]=2c8edb78c49087d21d9162ed83f3d9177f673680, stripped
== validate
/mnt/h/Antigravity/remedy-ai/template.yaml is a valid SAM Template
== deploy stack remedy-ai

	Managed S3 bucket: aws-sam-cli-managed-default-samclisourcebucket-ruo8zrzfsc8g
	Auto resolution of buckets can be turned off by setting resolve_s3=False
	To use a specific S3 bucket, set --s3-bucket=<bucket_name>
	Above settings can be stored in samconfig.toml

	Uploading to 79d177e6434455c8d45236b81e4bb8a0  1048576 / 11477689  (9.14%)
	Uploading to 79d177e6434455c8d45236b81e4bb8a0  2097152 / 11477689  (18.27%)
	Uploading to 79d177e6434455c8d45236b81e4bb8a0  3145728 / 11477689  (27.41%)
	Uploading to 79d177e6434455c8d45236b81e4bb8a0  4194304 / 11477689  (36.54%)
	Uploading to 79d177e6434455c8d45236b81e4bb8a0  5242880 / 11477689  (45.68%)
	Uploading to 79d177e6434455c8d45236b81e4bb8a0  6291456 / 11477689  (54.81%)
	Uploading to 79d177e6434455c8d45236b81e4bb8a0  7340032 / 11477689  (63.95%)
	Uploading to 79d177e6434455c8d45236b81e4bb8a0  8331961 / 11477689  (72.59%)
	Uploading to 79d177e6434455c8d45236b81e4bb8a0  9380537 / 11477689  (81.73%)
	Uploading to 79d177e6434455c8d45236b81e4bb8a0  10429113 / 11477689  (90.86%)
	Uploading to 79d177e6434455c8d45236b81e4bb8a0  11477689 / 11477689  (100.00%)

	File with same data already exists at 79d177e6434455c8d45236b81e4bb8a0, skipping upload

	Deploying with following values
	===============================
	Stack name                   : remedy-ai
	Region                       : us-east-1
	Confirm changeset            : False
	Disable rollback             : False
	Deployment s3 bucket         : aws-sam-cli-managed-default-samclisourcebucket-ruo8zrzfsc8g
	Capabilities                 : ["CAPABILITY_IAM"]
	Parameter overrides          : {"AlertEmail": "*****", "OriginVerifySecret": "*****"}
	Signing Profiles             : {}

Initiating deployment
=====================


	Uploading to 7dde92eca82962c0013d555fbcda9267.template  15963 / 15963  (100.00%)


Waiting for changeset to be created..

CloudFormation stack changeset
-------------------------------------------------------------------------------------------------
Operation                LogicalResourceId        ResourceType             Replacement            
-------------------------------------------------------------------------------------------------
* Modify                 ApiFunction              AWS::Lambda::Function    False                  
* Modify                 HttpApi                  AWS::ApiGatewayV2::Api   False                  
* Modify                 SourceWatchFunctionDai   AWS::IAM::Role           False                  
                         lyRole                                                                   
* Modify                 SourceWatchFunctionDai   AWS::Scheduler::Schedu   False                  
                         ly                       le                                              
* Modify                 SourceWatchFunction      AWS::Lambda::Function    False                  
-------------------------------------------------------------------------------------------------


Changeset created successfully. arn:aws:cloudformation:us-east-1:2481****5724:changeSet/samcli-deploy1790975917/71fa629c-d03c-4a01-97a8-3aba29ccb0c7


2026-10-03 02:48:58 - Waiting for stack create/update to complete

CloudFormation events from stack operations (refresh every 5.0 seconds)
-------------------------------------------------------------------------------------------------
ResourceStatus           ResourceType             LogicalResourceId        ResourceStatusReason   
-------------------------------------------------------------------------------------------------
UPDATE_IN_PROGRESS       AWS::CloudFormation::S   remedy-ai                User Initiated         
                         tack                                                                     
UPDATE_IN_PROGRESS       AWS::Lambda::Function    ApiFunction              -                      
UPDATE_IN_PROGRESS       AWS::Lambda::Function    SourceWatchFunction      -                      
UPDATE_IN_PROGRESS -     AWS::Lambda::Function    ApiFunction              Eventual consistency   
CONFIGURATION_COMPLETE                                                     check initiated        
UPDATE_COMPLETE          AWS::Lambda::Function    ApiFunction              -                      
UPDATE_IN_PROGRESS -     AWS::Lambda::Function    SourceWatchFunction      Eventual consistency   
CONFIGURATION_COMPLETE                                                     check initiated        
UPDATE_COMPLETE          AWS::Lambda::Function    SourceWatchFunction      -                      
UPDATE_COMPLETE_CLEANU   AWS::CloudFormation::S   remedy-ai                -                      
P_IN_PROGRESS            tack                                                                     
UPDATE_COMPLETE          AWS::CloudFormation::S   remedy-ai                -                      
                         tack                                                                     
-------------------------------------------------------------------------------------------------

CloudFormation outputs from deployed stack
-------------------------------------------------------------------------------------------------
Outputs                                                                                         
-------------------------------------------------------------------------------------------------
Key                 ApiUrl                                                                      
Description         -                                                                           
Value               https://1b8faqxx82.execute-api.us-east-1.amazonaws.com                      

Key                 SiteBucketName                                                              
Description         -                                                                           
Value               remedy-ai-sitebucket-fd3mw8e3lrts                                           

Key                 DistributionId                                                              
Description         -                                                                           
Value               E1T89KVW5A90CD                                                              

Key                 SiteUrl                                                                     
Description         Public URL (site and API on one origin)                                     
Value               https://d1fnfajqesgvsl.cloudfront.net                                       

Key                 SnapshotBucketName                                                          
Description         -                                                                           
Value               remedy-ai-snapshotbucket-sfjbb3pyjv17                                       

Key                 SourceWatchFunctionName                                                     
Description         -                                                                           
Value               remedy-ai-SourceWatchFunction-X5h8YoYfHd6H                                  
-------------------------------------------------------------------------------------------------


Successfully created/updated stack - remedy-ai in us-east-1

== frontend -> s3://remedy-ai-sitebucket-fd3mw8e3lrts
Completed 335.7 KiB/~740.2 KiB (12.4 MiB/s) with ~4 file(s) remaining (calculating...)
delete: s3://remedy-ai-sitebucket-fd3mw8e3lrts/assets/index-CXV856hu.js               
Completed 335.7 KiB/953.6 KiB (12.4 MiB/s) with 10 file(s) remaining
delete: s3://remedy-ai-sitebucket-fd3mw8e3lrts/assets/index-D9Fa2TV9.css
Completed 335.7 KiB/953.6 KiB (12.4 MiB/s) with 9 file(s) remaining
Completed 354.3 KiB/953.6 KiB (286.2 KiB/s) with 9 file(s) remaining
Completed 365.2 KiB/953.6 KiB (294.6 KiB/s) with 9 file(s) remaining
upload: frontend/dist/assets/inter-greek-wght-normal-CkhJZR-_.woff2 to s3://remedy-ai-sitebucket-fd3mw8e3lrts/assets/inter-greek-wght-normal-CkhJZR-_.woff2
Completed 365.2 KiB/953.6 KiB (294.6 KiB/s) with 8 file(s) remaining
upload: frontend/dist/assets/inter-greek-ext-wght-normal-DlzME5K_.woff2 to s3://remedy-ai-sitebucket-fd3mw8e3lrts/assets/inter-greek-ext-wght-normal-DlzME5K_.woff2
Completed 365.2 KiB/953.6 KiB (294.6 KiB/s) with 7 file(s) remaining
Completed 383.6 KiB/953.6 KiB (298.0 KiB/s) with 7 file(s) remaining
upload: frontend/dist/assets/inter-cyrillic-wght-normal-DqGufNeO.woff2 to s3://remedy-ai-sitebucket-fd3mw8e3lrts/assets/inter-cyrillic-wght-normal-DqGufNeO.woff2
Completed 383.6 KiB/953.6 KiB (298.0 KiB/s) with 6 file(s) remaining
Completed 393.6 KiB/953.6 KiB (300.2 KiB/s) with 6 file(s) remaining
upload: frontend/dist/assets/inter-vietnamese-wght-normal-CBcvBZtf.woff2 to s3://remedy-ai-sitebucket-fd3mw8e3lrts/assets/inter-vietnamese-wght-normal-CBcvBZtf.woff2
Completed 393.6 KiB/953.6 KiB (300.2 KiB/s) with 5 file(s) remaining
Completed 418.9 KiB/953.6 KiB (308.2 KiB/s) with 5 file(s) remaining
upload: frontend/dist/assets/inter-cyrillic-ext-wght-normal-BOeWTOD4.woff2 to s3://remedy-ai-sitebucket-fd3mw8e3lrts/assets/inter-cyrillic-ext-wght-normal-BOeWTOD4.woff2
Completed 418.9 KiB/953.6 KiB (308.2 KiB/s) with 4 file(s) remaining
Completed 453.6 KiB/953.6 KiB (296.1 KiB/s) with 4 file(s) remaining
upload: frontend/dist/assets/index-B9_Sp5X1.css to s3://remedy-ai-sitebucket-fd3mw8e3lrts/assets/index-B9_Sp5X1.css
Completed 453.6 KiB/953.6 KiB (296.1 KiB/s) with 3 file(s) remaining
Completed 500.8 KiB/953.6 KiB (319.5 KiB/s) with 3 file(s) remaining
upload: frontend/dist/assets/inter-latin-wght-normal-Dx4kXJAl.woff2 to s3://remedy-ai-sitebucket-fd3mw8e3lrts/assets/inter-latin-wght-normal-Dx4kXJAl.woff2
Completed 500.8 KiB/953.6 KiB (319.5 KiB/s) with 2 file(s) remaining
Completed 583.8 KiB/953.6 KiB (312.9 KiB/s) with 2 file(s) remaining
upload: frontend/dist/assets/inter-latin-ext-wght-normal-DO1Apj_S.woff2 to s3://remedy-ai-sitebucket-fd3mw8e3lrts/assets/inter-latin-ext-wght-normal-DO1Apj_S.woff2
Completed 583.8 KiB/953.6 KiB (312.9 KiB/s) with 1 file(s) remaining
upload: frontend/dist/assets/index-B2k0ESOn.js to s3://remedy-ai-sitebucket-fd3mw8e3lrts/assets/index-B2k0ESOn.js
Completed 4.2 KiB/4.2 KiB (4.3 KiB/s) with 1 file(s) remaining
upload: frontend/dist/index.html to s3://remedy-ai-sitebucket-fd3mw8e3lrts/index.html
Completed 539 Bytes/539 Bytes (568 Bytes/s) with 1 file(s) remaining
upload: frontend/dist/theme-init.js to s3://remedy-ai-sitebucket-fd3mw8e3lrts/theme-init.js
I7VCWMJNMURNI75GKQMKCI9914
== first Source Watch run
200
{"apple_index": {"http_status": 200}, "visa_infinite_extended_warranty_us": {"http_status": 200, "changed_this_run": false}, "uk_cra_2015_goods": {"http_status": 200, "changed_this_run": false}, "apple_one_year_limited_warranty_accessories_us": {"http_status": 200, "changed_this_run": false}, "apple_one_year_limited_warranty_ios_us": {"http_status": 200, "changed_this_run": false}, "apple_one_year_limited_warranty_mac_us": {"http_status": 200, "changed_this_run": false}, "apple_one_year_limited_warranty_watch_us": {"http_status": 200, "changed_this_run": false}, "apple_iphone12_no_sound_2021": {"http_status": 200, "changed_this_run": false, "listed_on_apple_index": false}, "apple_iphone14plus_rear_camera_2024": {"http_status": 200, "changed_this_run": false, "listed_on_apple_index": true}, "apple_mac_mini_2023_no_power_2025": {"http_status": 200, "changed_this_run": false, "listed_on_apple_index": true}, "google_consumer_hardware_warranty_us_ca": {"http_status": 200, "changed_this_run": false}, "google_pixel9pro_display_2025": {"http_status": 200, "changed_this_run": false}, "samsung_galaxy_limited_warranty_us": {"http_status": 200, "changed_this_run": false}}
== AI services opt-out (effective policy for this account)
{"services":{"default":{"opt_out_policy":"optOut"}}}
== smoke test https://d1fnfajqesgvsl.cloudfront.net
{"status":"healthy","service":"RemedyAI","version":"1.2.0","policy":"Closed-World Evidence Policy","knowledge_records":["apple_iphone12_no_sound_2021","apple_iphone14plus_rear_camera_2024","apple_mac_mini_2023_no_power_2025","apple_one_year_limited_warranty_accessories_us","apple_one_year_limited_warranty_ios_us","apple_one_year_limited_warranty_mac_us","apple_one_year_limited_warranty_watch_us","google_consumer_hardware_warranty_us_ca","google_pixel9pro_display_2025","samsung_galaxy_limited_warranty_us","uk_cra_2015_goods","visa_infinite_extended_warranty_us"]}
smoke test passed
DEPLOYED https://d1fnfajqesgvsl.cloudfront.net
